---
http_interactions:
- request:
    method: get
    uri: https://horizon-testnet.stellar.org/accounts/GDZP35YTZNRVAKOAARGNBTF4ORMVKBR2WBPWUZJDVOQJOVCIEO3RHAG5
    body:
      encoding: US-ASCII
      string: ''
    headers:
      User-Agent:
      - Faraday v0.15.0
      Accept:
      - application/hal+json,application/problem+json,application/json
  response:
    status:
      code: 200
      message: OK
    headers:
      Date:
      - Tue, 05 Jun 2018 05:43:08 GMT
      Content-Type:
      - application/hal+json; charset=utf-8
      Connection:
      - keep-alive
      Set-Cookie:
      - __cfduid=d43435c7d2e844f8287e19ae6fba2ebdf1528177388; expires=Wed, 05-Jun-19
        05:43:08 GMT; path=/; domain=.stellar.org; HttpOnly
      Content-Disposition:
      - inline
      Vary:
      - Origin
      X-Ratelimit-Limit:
      - '17200'
      X-Ratelimit-Remaining:
      - '17131'
      X-Ratelimit-Reset:
      - '2008'
      Expect-Ct:
      - max-age=604800, report-uri="https://report-uri.cloudflare.com/cdn-cgi/beacon/expect-ct"
      Server:
      - cloudflare
      Cf-Ray:
      - 426051e55dfe8fc3-DME
    body:
      encoding: UTF-8
      string: |-
        {
          "_links": {
            "self": {
              "href": "https://horizon-testnet.stellar.org/accounts/GDZP35YTZNRVAKOAARGNBTF4ORMVKBR2WBPWUZJDVOQJOVCIEO3RHAG5"
            },
            "transactions": {
              "href": "https://horizon-testnet.stellar.org/accounts/GDZP35YTZNRVAKOAARGNBTF4ORMVKBR2WBPWUZJDVOQJOVCIEO3RHAG5/transactions{?cursor,limit,order}",
              "templated": true
            },
            "operations": {
              "href": "https://horizon-testnet.stellar.org/accounts/GDZP35YTZNRVAKOAARGNBTF4ORMVKBR2WBPWUZJDVOQJOVCIEO3RHAG5/operations{?cursor,limit,order}",
              "templated": true
            },
            "payments": {
              "href": "https://horizon-testnet.stellar.org/accounts/GDZP35YTZNRVAKOAARGNBTF4ORMVKBR2WBPWUZJDVOQJOVCIEO3RHAG5/payments{?cursor,limit,order}",
              "templated": true
            },
            "effects": {
              "href": "https://horizon-testnet.stellar.org/accounts/GDZP35YTZNRVAKOAARGNBTF4ORMVKBR2WBPWUZJDVOQJOVCIEO3RHAG5/effects{?cursor,limit,order}",
              "templated": true
            },
            "offers": {
              "href": "https://horizon-testnet.stellar.org/accounts/GDZP35YTZNRVAKOAARGNBTF4ORMVKBR2WBPWUZJDVOQJOVCIEO3RHAG5/offers{?cursor,limit,order}",
              "templated": true
            },
            "trades": {
              "href": "https://horizon-testnet.stellar.org/accounts/GDZP35YTZNRVAKOAARGNBTF4ORMVKBR2WBPWUZJDVOQJOVCIEO3RHAG5/trades{?cursor,limit,order}",
              "templated": true
            },
            "data": {
              "href": "https://horizon-testnet.stellar.org/accounts/GDZP35YTZNRVAKOAARGNBTF4ORMVKBR2WBPWUZJDVOQJOVCIEO3RHAG5/data/{key}",
              "templated": true
            }
          },
          "id": "GDZP35YTZNRVAKOAARGNBTF4ORMVKBR2WBPWUZJDVOQJOVCIEO3RHAG5",
          "paging_token": "",
          "account_id": "GDZP35YTZNRVAKOAARGNBTF4ORMVKBR2WBPWUZJDVOQJOVCIEO3RHAG5",
          "sequence": "38621677365493781",
          "subentry_count": 2,
          "thresholds": {
            "low_threshold": 0,
            "med_threshold": 0,
            "high_threshold": 0
          },
          "flags": {
            "auth_required": false,
            "auth_revocable": false
          },
          "balances": [
            {
              "balance": "1000.0000000",
              "limit": "922337203685.0000000",
              "asset_type": "credit_alphanum4",
              "asset_code": "MOBI",
              "asset_issuer": "GDRWBLJURXUKM4RWDZDTPJNX6XBYFO3PSE4H4GPUL6H6RCUQVKTSD4AT"
            },
            {
              "balance": "9999.9997900",
              "asset_type": "native"
            }
          ],
          "signers": [
            {
              "public_key": "GCXIPNBIRZN6MSQVCGFTB363ZGXP2HAJQLQFYY4UXQYDTC65WDU67JYM",
              "weight": 1,
              "key": "GCXIPNBIRZN6MSQVCGFTB363ZGXP2HAJQLQFYY4UXQYDTC65WDU67JYM",
              "type": "ed25519_public_key"
            },
            {
              "public_key": "GDZP35YTZNRVAKOAARGNBTF4ORMVKBR2WBPWUZJDVOQJOVCIEO3RHAG5",
              "weight": 1,
              "key": "GDZP35YTZNRVAKOAARGNBTF4ORMVKBR2WBPWUZJDVOQJOVCIEO3RHAG5",
              "type": "ed25519_public_key"
            }
          ],
          "data": {}
        }
    http_version: 
  recorded_at: Tue, 05 Jun 2018 05:43:08 GMT
- request:
    method: post
    uri: https://horizon-testnet.stellar.org/transactions
    body:
      encoding: UTF-8
      string: tx=AAAAAPL99xPLY1ApwARM0My8dFlVBjqwX2plI6ugl1RII7cTAAAAZACJNjYAAAAWAAAAAAAAAAAAAAABAAAAAAAAAAEAAAAAroe0KI5b5koVEYsw79vJrv0cCYLgXGOUvDA5i92w6e8AAAABTU9CSQAAAADjYK00jeimcjYeRzelt%2FXDgrtvkTh%2BGfRfj%2BiKkKqnIQAAAAAAmJaAAAAAAAAAAAHdsOnvAAAAQKBseYxE%2BYFvSjZ4ptV1oBN4QQNb0%2FOSyvTb3XtoS3EZ4SyiX7v3fkUkhWcGUZ%2FW28enpKH9pbw7Otx3aKnggg0%3D
    headers:
      User-Agent:
      - Faraday v0.15.0
      Accept:
      - application/hal+json,application/problem+json,application/json
      Content-Type:
      - application/x-www-form-urlencoded
  response:
    status:
      code: 200
      message: OK
    headers:
      Date:
      - Tue, 05 Jun 2018 05:43:11 GMT
      Content-Type:
      - application/hal+json; charset=utf-8
      Connection:
      - keep-alive
      Set-Cookie:
      - __cfduid=d80ca87f4010b6acc395e65eca1ca4e261528177389; expires=Wed, 05-Jun-19
        05:43:09 GMT; path=/; domain=.stellar.org; HttpOnly
      Content-Disposition:
      - inline
      Vary:
      - Origin
      X-Ratelimit-Limit:
      - '17200'
      X-Ratelimit-Remaining:
      - '17138'
      X-Ratelimit-Reset:
      - '2008'
      Expect-Ct:
      - max-age=604800, report-uri="https://report-uri.cloudflare.com/cdn-cgi/beacon/expect-ct"
      Server:
      - cloudflare
      Cf-Ray:
      - 426051eac80b9023-DME
    body:
      encoding: UTF-8
      string: |-
        {
          "_links": {
            "transaction": {
              "href": "https://horizon-testnet.stellar.org/transactions/74fa01e6f832895744a0c95983071de3ce15d1250195ab11991c5418d154a5b0"
            }
          },
          "hash": "74fa01e6f832895744a0c95983071de3ce15d1250195ab11991c5418d154a5b0",
          "ledger": 9334831,
          "envelope_xdr": "AAAAAPL99xPLY1ApwARM0My8dFlVBjqwX2plI6ugl1RII7cTAAAAZACJNjYAAAAWAAAAAAAAAAAAAAABAAAAAAAAAAEAAAAAroe0KI5b5koVEYsw79vJrv0cCYLgXGOUvDA5i92w6e8AAAABTU9CSQAAAADjYK00jeimcjYeRzelt/XDgrtvkTh+GfRfj+iKkKqnIQAAAAAAmJaAAAAAAAAAAAHdsOnvAAAAQKBseYxE+YFvSjZ4ptV1oBN4QQNb0/OSyvTb3XtoS3EZ4SyiX7v3fkUkhWcGUZ/W28enpKH9pbw7Otx3aKnggg0=",
          "result_xdr": "AAAAAAAAAGQAAAAAAAAAAQAAAAAAAAABAAAAAAAAAAA=",
          "result_meta_xdr": "AAAAAAAAAAEAAAAEAAAAAwCOcC4AAAABAAAAAK6HtCiOW+ZKFRGLMO/bya79HAmC4FxjlLwwOYvdsOnvAAAAAU1PQkkAAAAA42CtNI3opnI2Hkc3pbf1w4K7b5E4fhn0X4/oipCqpyEAAAAAAJiWgH//////////AAAAAQAAAAAAAAAAAAAAAQCOcC8AAAABAAAAAK6HtCiOW+ZKFRGLMO/bya79HAmC4FxjlLwwOYvdsOnvAAAAAU1PQkkAAAAA42CtNI3opnI2Hkc3pbf1w4K7b5E4fhn0X4/oipCqpyEAAAAAATEtAH//////////AAAAAQAAAAAAAAAAAAAAAwCOcAQAAAABAAAAAPL99xPLY1ApwARM0My8dFlVBjqwX2plI6ugl1RII7cTAAAAAU1PQkkAAAAA42CtNI3opnI2Hkc3pbf1w4K7b5E4fhn0X4/oipCqpyEAAAACVAvkAH//////tyCAAAAAAQAAAAAAAAAAAAAAAQCOcC8AAAABAAAAAPL99xPLY1ApwARM0My8dFlVBjqwX2plI6ugl1RII7cTAAAAAU1PQkkAAAAA42CtNI3opnI2Hkc3pbf1w4K7b5E4fhn0X4/oipCqpyEAAAACU3NNgH//////tyCAAAAAAQAAAAAAAAAA"
        }
    http_version: 
  recorded_at: Tue, 05 Jun 2018 05:43:11 GMT
- request:
    method: get
    uri: https://horizon-testnet.stellar.org/accounts/GDZP35YTZNRVAKOAARGNBTF4ORMVKBR2WBPWUZJDVOQJOVCIEO3RHAG5
    body:
      encoding: US-ASCII
      string: ''
    headers:
      User-Agent:
      - Faraday v0.15.0
      Accept:
      - application/hal+json,application/problem+json,application/json
  response:
    status:
      code: 200
      message: OK
    headers:
      Date:
      - Tue, 05 Jun 2018 05:43:11 GMT
      Content-Type:
      - application/hal+json; charset=utf-8
      Connection:
      - keep-alive
      Set-Cookie:
      - __cfduid=d993ebcd3748d29345fa352e46734c8ed1528177391; expires=Wed, 05-Jun-19
        05:43:11 GMT; path=/; domain=.stellar.org; HttpOnly
      Content-Disposition:
      - inline
      Vary:
      - Origin
      X-Ratelimit-Limit:
      - '17200'
      X-Ratelimit-Remaining:
      - '17137'
      X-Ratelimit-Reset:
      - '2005'
      Expect-Ct:
      - max-age=604800, report-uri="https://report-uri.cloudflare.com/cdn-cgi/beacon/expect-ct"
      Server:
      - cloudflare
      Cf-Ray:
      - 426051fa0d798fbd-DME
    body:
      encoding: UTF-8
      string: |-
        {
          "_links": {
            "self": {
              "href": "https://horizon-testnet.stellar.org/accounts/GDZP35YTZNRVAKOAARGNBTF4ORMVKBR2WBPWUZJDVOQJOVCIEO3RHAG5"
            },
            "transactions": {
              "href": "https://horizon-testnet.stellar.org/accounts/GDZP35YTZNRVAKOAARGNBTF4ORMVKBR2WBPWUZJDVOQJOVCIEO3RHAG5/transactions{?cursor,limit,order}",
              "templated": true
            },
            "operations": {
              "href": "https://horizon-testnet.stellar.org/accounts/GDZP35YTZNRVAKOAARGNBTF4ORMVKBR2WBPWUZJDVOQJOVCIEO3RHAG5/operations{?cursor,limit,order}",
              "templated": true
            },
            "payments": {
              "href": "https://horizon-testnet.stellar.org/accounts/GDZP35YTZNRVAKOAARGNBTF4ORMVKBR2WBPWUZJDVOQJOVCIEO3RHAG5/payments{?cursor,limit,order}",
              "templated": true
            },
            "effects": {
              "href": "https://horizon-testnet.stellar.org/accounts/GDZP35YTZNRVAKOAARGNBTF4ORMVKBR2WBPWUZJDVOQJOVCIEO3RHAG5/effects{?cursor,limit,order}",
              "templated": true
            },
            "offers": {
              "href": "https://horizon-testnet.stellar.org/accounts/GDZP35YTZNRVAKOAARGNBTF4ORMVKBR2WBPWUZJDVOQJOVCIEO3RHAG5/offers{?cursor,limit,order}",
              "templated": true
            },
            "trades": {
              "href": "https://horizon-testnet.stellar.org/accounts/GDZP35YTZNRVAKOAARGNBTF4ORMVKBR2WBPWUZJDVOQJOVCIEO3RHAG5/trades{?cursor,limit,order}",
              "templated": true
            },
            "data": {
              "href": "https://horizon-testnet.stellar.org/accounts/GDZP35YTZNRVAKOAARGNBTF4ORMVKBR2WBPWUZJDVOQJOVCIEO3RHAG5/data/{key}",
              "templated": true
            }
          },
          "id": "GDZP35YTZNRVAKOAARGNBTF4ORMVKBR2WBPWUZJDVOQJOVCIEO3RHAG5",
          "paging_token": "",
          "account_id": "GDZP35YTZNRVAKOAARGNBTF4ORMVKBR2WBPWUZJDVOQJOVCIEO3RHAG5",
          "sequence": "38621677365493782",
          "subentry_count": 2,
          "thresholds": {
            "low_threshold": 0,
            "med_threshold": 0,
            "high_threshold": 0
          },
          "flags": {
            "auth_required": false,
            "auth_revocable": false
          },
          "balances": [
            {
              "balance": "999.0000000",
              "limit": "922337203685.0000000",
              "asset_type": "credit_alphanum4",
              "asset_code": "MOBI",
              "asset_issuer": "GDRWBLJURXUKM4RWDZDTPJNX6XBYFO3PSE4H4GPUL6H6RCUQVKTSD4AT"
            },
            {
              "balance": "9999.9997800",
              "asset_type": "native"
            }
          ],
          "signers": [
            {
              "public_key": "GCXIPNBIRZN6MSQVCGFTB363ZGXP2HAJQLQFYY4UXQYDTC65WDU67JYM",
              "weight": 1,
              "key": "GCXIPNBIRZN6MSQVCGFTB363ZGXP2HAJQLQFYY4UXQYDTC65WDU67JYM",
              "type": "ed25519_public_key"
            },
            {
              "public_key": "GDZP35YTZNRVAKOAARGNBTF4ORMVKBR2WBPWUZJDVOQJOVCIEO3RHAG5",
              "weight": 1,
              "key": "GDZP35YTZNRVAKOAARGNBTF4ORMVKBR2WBPWUZJDVOQJOVCIEO3RHAG5",
              "type": "ed25519_public_key"
            }
          ],
          "data": {}
        }
    http_version: 
  recorded_at: Tue, 05 Jun 2018 05:43:11 GMT
- request:
    method: get
    uri: https://horizon-testnet.stellar.org/accounts/GCXIPNBIRZN6MSQVCGFTB363ZGXP2HAJQLQFYY4UXQYDTC65WDU67JYM
    body:
      encoding: US-ASCII
      string: ''
    headers:
      User-Agent:
      - Faraday v0.15.0
      Accept:
      - application/hal+json,application/problem+json,application/json
  response:
    status:
      code: 200
      message: OK
    headers:
      Date:
      - Tue, 05 Jun 2018 05:43:12 GMT
      Content-Type:
      - application/hal+json; charset=utf-8
      Connection:
      - keep-alive
      Set-Cookie:
      - __cfduid=d7343e3da4daa8aa80d7f9c2d28db239f1528177392; expires=Wed, 05-Jun-19
        05:43:12 GMT; path=/; domain=.stellar.org; HttpOnly
      Content-Disposition:
      - inline
      Vary:
      - Origin
      X-Ratelimit-Limit:
      - '17200'
      X-Ratelimit-Remaining:
      - '17130'
      X-Ratelimit-Reset:
      - '2005'
      Expect-Ct:
      - max-age=604800, report-uri="https://report-uri.cloudflare.com/cdn-cgi/beacon/expect-ct"
      Server:
      - cloudflare
      Cf-Ray:
      - 426051fcbd879047-DME
    body:
      encoding: UTF-8
      string: |-
        {
          "_links": {
            "self": {
              "href": "https://horizon-testnet.stellar.org/accounts/GCXIPNBIRZN6MSQVCGFTB363ZGXP2HAJQLQFYY4UXQYDTC65WDU67JYM"
            },
            "transactions": {
              "href": "https://horizon-testnet.stellar.org/accounts/GCXIPNBIRZN6MSQVCGFTB363ZGXP2HAJQLQFYY4UXQYDTC65WDU67JYM/transactions{?cursor,limit,order}",
              "templated": true
            },
            "operations": {
              "href": "https://horizon-testnet.stellar.org/accounts/GCXIPNBIRZN6MSQVCGFTB363ZGXP2HAJQLQFYY4UXQYDTC65WDU67JYM/operations{?cursor,limit,order}",
              "templated": true
            },
            "payments": {
              "href": "https://horizon-testnet.stellar.org/accounts/GCXIPNBIRZN6MSQVCGFTB363ZGXP2HAJQLQFYY4UXQYDTC65WDU67JYM/payments{?cursor,limit,order}",
              "templated": true
            },
            "effects": {
              "href": "https://horizon-testnet.stellar.org/accounts/GCXIPNBIRZN6MSQVCGFTB363ZGXP2HAJQLQFYY4UXQYDTC65WDU67JYM/effects{?cursor,limit,order}",
              "templated": true
            },
            "offers": {
              "href": "https://horizon-testnet.stellar.org/accounts/GCXIPNBIRZN6MSQVCGFTB363ZGXP2HAJQLQFYY4UXQYDTC65WDU67JYM/offers{?cursor,limit,order}",
              "templated": true
            },
            "trades": {
              "href": "https://horizon-testnet.stellar.org/accounts/GCXIPNBIRZN6MSQVCGFTB363ZGXP2HAJQLQFYY4UXQYDTC65WDU67JYM/trades{?cursor,limit,order}",
              "templated": true
            },
            "data": {
              "href": "https://horizon-testnet.stellar.org/accounts/GCXIPNBIRZN6MSQVCGFTB363ZGXP2HAJQLQFYY4UXQYDTC65WDU67JYM/data/{key}",
              "templated": true
            }
          },
          "id": "GCXIPNBIRZN6MSQVCGFTB363ZGXP2HAJQLQFYY4UXQYDTC65WDU67JYM",
          "paging_token": "",
          "account_id": "GCXIPNBIRZN6MSQVCGFTB363ZGXP2HAJQLQFYY4UXQYDTC65WDU67JYM",
          "sequence": "38620861321707525",
          "subentry_count": 1,
          "thresholds": {
            "low_threshold": 0,
            "med_threshold": 0,
            "high_threshold": 0
          },
          "flags": {
            "auth_required": false,
            "auth_revocable": false
          },
          "balances": [
            {
              "balance": "2.0000000",
              "limit": "922337203685.4775807",
              "asset_type": "credit_alphanum4",
              "asset_code": "MOBI",
              "asset_issuer": "GDRWBLJURXUKM4RWDZDTPJNX6XBYFO3PSE4H4GPUL6H6RCUQVKTSD4AT"
            },
            {
              "balance": "9999.9999500",
              "asset_type": "native"
            }
          ],
          "signers": [
            {
              "public_key": "GCXIPNBIRZN6MSQVCGFTB363ZGXP2HAJQLQFYY4UXQYDTC65WDU67JYM",
              "weight": 1,
              "key": "GCXIPNBIRZN6MSQVCGFTB363ZGXP2HAJQLQFYY4UXQYDTC65WDU67JYM",
              "type": "ed25519_public_key"
            }
          ],
          "data": {}
        }
    http_version: 
  recorded_at: Tue, 05 Jun 2018 05:43:12 GMT
- request:
    method: get
    uri: https://horizon-testnet.stellar.org/accounts/GBNVKV6LYJOC5SXX43TKCCYPZJEPU6O4CWCVAVRAYN5ILHVE6RXM7RTM
    body:
      encoding: US-ASCII
      string: ''
    headers:
      User-Agent:
      - Faraday v0.15.0
      Accept:
      - application/hal+json,application/problem+json,application/json
  response:
    status:
      code: 200
      message: OK
    headers:
      Date:
      - Tue, 05 Jun 2018 05:43:13 GMT
      Content-Type:
      - application/hal+json; charset=utf-8
      Connection:
      - keep-alive
      Set-Cookie:
      - __cfduid=d993c334180ae989895c758648ceca87f1528177392; expires=Wed, 05-Jun-19
        05:43:12 GMT; path=/; domain=.stellar.org; HttpOnly
      Content-Disposition:
      - inline
      Vary:
      - Origin
      X-Ratelimit-Limit:
      - '17200'
      X-Ratelimit-Remaining:
      - '17136'
      X-Ratelimit-Reset:
      - '2004'
      Expect-Ct:
      - max-age=604800, report-uri="https://report-uri.cloudflare.com/cdn-cgi/beacon/expect-ct"
      Server:
      - cloudflare
      Cf-Ray:
      - 426051ff5cc7903b-DME
    body:
      encoding: UTF-8
      string: |-
        {
          "_links": {
            "self": {
              "href": "https://horizon-testnet.stellar.org/accounts/GBNVKV6LYJOC5SXX43TKCCYPZJEPU6O4CWCVAVRAYN5ILHVE6RXM7RTM"
            },
            "transactions": {
              "href": "https://horizon-testnet.stellar.org/accounts/GBNVKV6LYJOC5SXX43TKCCYPZJEPU6O4CWCVAVRAYN5ILHVE6RXM7RTM/transactions{?cursor,limit,order}",
              "templated": true
            },
            "operations": {
              "href": "https://horizon-testnet.stellar.org/accounts/GBNVKV6LYJOC5SXX43TKCCYPZJEPU6O4CWCVAVRAYN5ILHVE6RXM7RTM/operations{?cursor,limit,order}",
              "templated": true
            },
            "payments": {
              "href": "https://horizon-testnet.stellar.org/accounts/GBNVKV6LYJOC5SXX43TKCCYPZJEPU6O4CWCVAVRAYN5ILHVE6RXM7RTM/payments{?cursor,limit,order}",
              "templated": true
            },
            "effects": {
              "href": "https://horizon-testnet.stellar.org/accounts/GBNVKV6LYJOC5SXX43TKCCYPZJEPU6O4CWCVAVRAYN5ILHVE6RXM7RTM/effects{?cursor,limit,order}",
              "templated": true
            },
            "offers": {
              "href": "https://horizon-testnet.stellar.org/accounts/GBNVKV6LYJOC5SXX43TKCCYPZJEPU6O4CWCVAVRAYN5ILHVE6RXM7RTM/offers{?cursor,limit,order}",
              "templated": true
            },
            "trades": {
              "href": "https://horizon-testnet.stellar.org/accounts/GBNVKV6LYJOC5SXX43TKCCYPZJEPU6O4CWCVAVRAYN5ILHVE6RXM7RTM/trades{?cursor,limit,order}",
              "templated": true
            },
            "data": {
              "href": "https://horizon-testnet.stellar.org/accounts/GBNVKV6LYJOC5SXX43TKCCYPZJEPU6O4CWCVAVRAYN5ILHVE6RXM7RTM/data/{key}",
              "templated": true
            }
          },
          "id": "GBNVKV6LYJOC5SXX43TKCCYPZJEPU6O4CWCVAVRAYN5ILHVE6RXM7RTM",
          "paging_token": "",
          "account_id": "GBNVKV6LYJOC5SXX43TKCCYPZJEPU6O4CWCVAVRAYN5ILHVE6RXM7RTM",
          "sequence": "38621046005301262",
          "subentry_count": 2,
          "thresholds": {
            "low_threshold": 0,
            "med_threshold": 0,
            "high_threshold": 0
          },
          "flags": {
            "auth_required": false,
            "auth_revocable": false
          },
          "balances": [
            {
              "balance": "999.0000000",
              "limit": "922337203685.0000000",
              "asset_type": "credit_alphanum4",
              "asset_code": "MOBI",
              "asset_issuer": "GDRWBLJURXUKM4RWDZDTPJNX6XBYFO3PSE4H4GPUL6H6RCUQVKTSD4AT"
            },
            {
              "balance": "9999.9998300",
              "asset_type": "native"
            }
          ],
          "signers": [
            {
              "public_key": "GCXIPNBIRZN6MSQVCGFTB363ZGXP2HAJQLQFYY4UXQYDTC65WDU67JYM",
              "weight": 1,
              "key": "GCXIPNBIRZN6MSQVCGFTB363ZGXP2HAJQLQFYY4UXQYDTC65WDU67JYM",
              "type": "ed25519_public_key"
            },
            {
              "public_key": "GBNVKV6LYJOC5SXX43TKCCYPZJEPU6O4CWCVAVRAYN5ILHVE6RXM7RTM",
              "weight": 1,
              "key": "GBNVKV6LYJOC5SXX43TKCCYPZJEPU6O4CWCVAVRAYN5ILHVE6RXM7RTM",
              "type": "ed25519_public_key"
            }
          ],
          "data": {}
        }
    http_version: 
  recorded_at: Tue, 05 Jun 2018 05:43:13 GMT
recorded_with: VCR 3.0.3
